// Jest Snapshot v1, https://goo.gl/fbAQLP

exports[`<DesktopIntegration> calls onMount with data on mounting 1`] = `<div />`;

exports[`<DesktopIntegration> calls onMount with data on mounting 2`] = `<div />`;

exports[`<DesktopIntegration> calls onXxx with data on event XXX 1`] = `<div />`;

exports[`<DesktopIntegration> does not render anything if no integration point 1`] = `<div />`;

exports[`<DesktopIntegration> does not render anything if there is an integration point 1`] = `<div />`;
