// Jest Snapshot v1, https://goo.gl/fbAQLP

exports[`Settings renders with strange characters in display name 1`] = `
<div>
  <div
    class="Drawer-sc-5bct1g-0 kPghdL"
    id="db-settings"
  >
    <h4
      class="Drawer__DrawerHeader-sc-5bct1g-1 bjmdEJ"
    >
      Browser Settings
    </h4>
    <div
      class="Drawer__DrawerBody-sc-5bct1g-6 fhYbsO"
    >
      <div
        class="Drawer__DrawerSection-sc-5bct1g-4 bEhGCY"
      >
        <div
          class="Drawer__DrawerSectionBody-sc-5bct1g-5 RMcRs"
        >
          <h5
            class="Drawer__DrawerSubHeader-sc-5bct1g-3 laKfsi"
          >
            Test åäö settings
          </h5>
          <div
            class="styled__StyledSetting-xqaooh-0 dIwyQs"
          >
            <div
              class="styled__StyledSettingLabel-xqaooh-1 bTUavI"
              title=""
            >
              åäö üüü
            </div>
            <input
              class="styled__StyledSettingTextInput-xqaooh-2 coeKcS testSetting"
              title=""
              value="true"
            />
          </div>
        </div>
        <div
          class="Drawer__DrawerSectionBody-sc-5bct1g-5 RMcRs"
        />
      </div>
    </div>
  </div>
</div>
`;
