// Jest Snapshot v1, https://goo.gl/fbAQLP

exports[`Settings renders with strange characters in display name 1`] = `
<div>
  <div
    class="sc-kkGfuU eFxohz"
    id="db-settings"
  >
    <h4
      class="sc-iAyFgw gBCuyB"
    >
      Browser Settings
    </h4>
    <div
      class="sc-brqgnP feoXiA"
    >
      <div
        class="sc-cvbbAY DUWci"
      >
        <div
          class="sc-jWBwVP iUgBgl"
        >
          <h5
            class="sc-eHgmQL elkcPT"
          >
            Test åäö settings
          </h5>
          <div
            class="sc-gPEVay jQSZvA"
          >
            <label
              class="sc-iRbamj himKbG"
              title=""
            >
              åäö üüü
              <input
                class="sc-gipzik kVJOee testSetting"
                data-testid="setting-testSetting"
                title=""
                value="true"
              />
            </label>
          </div>
          <h5
            class="sc-eHgmQL elkcPT"
          >
            Product Analytics
          </h5>
        </div>
        <div
          class="sc-jWBwVP iUgBgl"
        />
      </div>
    </div>
  </div>
</div>
`;
