// Jest Snapshot v1, https://goo.gl/fbAQLP

exports[`Settings renders with strange characters in display name 1`] = `
<div>
  <div
    class="sc-caiLqq eKOWzD"
    id="db-settings"
  >
    <h4
      class="sc-iUKqMP dBSoRv"
    >
      Browser Settings
    </h4>
    <div
      class="sc-dPiLbb yzXlm"
    >
      <div
        class="sc-cTAqQK diFdii"
      >
        <div
          class="sc-jObWnj epnoui"
        >
          <h5
            class="sc-efQSVx cziNtw"
          >
            Test åäö settings
          </h5>
          <div
            class="sc-khQegj evRSor"
          >
            <label
              class="sc-hUpaCq fxKLDB"
              title=""
            >
              åäö üüü
              <input
                class="sc-gSQFLo lKA-Dy testSetting"
                data-testid="setting-testSetting"
                title=""
                value="true"
              />
            </label>
          </div>
          <h5
            class="sc-efQSVx cziNtw"
          >
            Product Analytics
          </h5>
        </div>
        <div
          class="sc-jObWnj epnoui"
        />
      </div>
    </div>
  </div>
</div>
`;
