// Jest Snapshot v1, https://goo.gl/fbAQLP

exports[`Settings renders with strange characters in display name 1`] = `
<div>
  <div
    class="sc-gipzik hoVjYg"
    id="db-settings"
  >
    <h4
      class="sc-csuQGl ebfoYz"
    >
      Browser Settings
    </h4>
    <div
      class="sc-fBuWsC iLtgOD"
    >
      <div
        class="sc-hzDkRC bWMjSu"
      >
        <div
          class="sc-jhAzac kEwcYR"
        >
          <h5
            class="sc-bRBYWo lhkqIY"
          >
            Test åäö settings
          </h5>
          <div
            class="sc-fAjcbJ igyfAO"
          >
            <label
              class="sc-caSCKo MdvUL"
              title=""
            >
              åäö üüü
              <input
                class="sc-kjoXOD hjiKCp testSetting"
                data-testid="setting-testSetting"
                title=""
                value="true"
              />
            </label>
          </div>
          <h5
            class="sc-bRBYWo lhkqIY"
          >
            Product Analytics
          </h5>
        </div>
        <div
          class="sc-jhAzac kEwcYR"
        />
      </div>
    </div>
  </div>
</div>
`;
