// Jest Snapshot v1, https://goo.gl/fbAQLP

exports[`ClickToCode does not render if no children 1`] = `""`;

exports[`ClickToCode renders all children 1`] = `"<code><div><span>hello</span>hi!</div></code>"`;

exports[`ClickToCode renders children as code if no code is provided 1`] = `"<code>hellohi!</code>"`;

exports[`ClickToCode renders code as the code when code is available 1`] = `"<code>yo</code>"`;

exports[`ClickToCode renders if no CodeComponent is provided 1`] = `"<code class=\\"sc-bdVaJa biJQaZ\\">my code</code>"`;
